#-----------------------------------------------------------
# Webtalk v2019.1 (64-bit)
# SW Build 2552052 on Fri May 24 14:49:42 MDT 2019
# IP Build 2548770 on Fri May 24 18:01:18 MDT 2019
# Start of session at: Sat May 29 17:29:57 2021
# Process ID: 26388
# Current directory: E:/Acedemic/sem 5/fpga project/Processor_Design_Project/Processor_Vivado/Contributors/Shamal/GenPurReg/GenPurReg.sim/sim_1/behav/xsim
# Command line: wbtcv.exe -mode batch -source E:/Acedemic/sem 5/fpga project/Processor_Design_Project/Processor_Vivado/Contributors/Shamal/GenPurReg/GenPurReg.sim/sim_1/behav/xsim/xsim.dir/topProTb_behav/webtalk/xsim_webtalk.tcl -notrace
# Log file: E:/Acedemic/sem 5/fpga project/Processor_Design_Project/Processor_Vivado/Contributors/Shamal/GenPurReg/GenPurReg.sim/sim_1/behav/xsim/webtalk.log
# Journal file: E:/Acedemic/sem 5/fpga project/Processor_Design_Project/Processor_Vivado/Contributors/Shamal/GenPurReg/GenPurReg.sim/sim_1/behav/xsim\webtalk.jou
#-----------------------------------------------------------
source E:/Acedemic/sem -notrace
