#-----------------------------------------------------------
# Vivado v2019.1 (64-bit)
# SW Build 2552052 on Fri May 24 14:49:42 MDT 2019
# IP Build 2548770 on Fri May 24 18:01:18 MDT 2019
# Start of session at: Wed Jun 23 13:25:16 2021
# Process ID: 73256
# Current directory: E:/Acedemic/sem 5/Processor_Design_Project/Processor_Vivado/Contributors/Shamal/GenPurReg
# Command line: vivado.exe -gui_launcher_event rodinguilauncherevent67768 E:\Acedemic\sem 5\Processor_Design_Project\Processor_Vivado\Contributors\Shamal\GenPurReg\GenPurReg.xpr
# Log file: E:/Acedemic/sem 5/Processor_Design_Project/Processor_Vivado/Contributors/Shamal/GenPurReg/vivado.log
# Journal file: E:/Acedemic/sem 5/Processor_Design_Project/Processor_Vivado/Contributors/Shamal/GenPurReg\vivado.jou
#-----------------------------------------------------------
start_gui
open_project {E:/Acedemic/sem 5/Processor_Design_Project/Processor_Vivado/Contributors/Shamal/GenPurReg/GenPurReg.xpr}
update_compile_order -fileset sources_1
launch_simulation
source ProcessorTB.tcl
close_sim
launch_simulation
launch_simulation
source ProcessorTB.tcl
close_sim
launch_simulation
source ProcessorTB.tcl
run 1 us
run 1 us
run 1 us
run 3 us
run 3 us
run 3 us
run 3 us
run 3 us
run 3 us
run 3 us
close_sim
launch_simulation
source ProcessorTB.tcl
run 3 us
set_property -name {xsim.simulate.runtime} -value {10us} -objects [get_filesets sim_1]
close_sim
launch_simulation
source ProcessorTB.tcl
run 3 us
run 3 us
run 3 us
run 3 us
run 3 us
set_property -name {xsim.simulate.runtime} -value {26us} -objects [get_filesets sim_1]
close_sim
launch_simulation
source ProcessorTB.tcl
run 3 us
set_property -name {xsim.simulate.runtime} -value {30us} -objects [get_filesets sim_1]
close_sim
launch_simulation
source ProcessorTB.tcl
close_sim
launch_simulation
source ProcessorTB.tcl
close_sim
launch_simulation
source ProcessorTB.tcl
close_sim
launch_simulation
source ProcessorTB.tcl
close_sim
launch_simulation
source ProcessorTB.tcl
close_sim
launch_simulation
launch_simulation
launch_simulation
source ProcessorTB.tcl
close_sim
launch_simulation
source ProcessorTB.tcl
close_sim
launch_simulation
source ProcessorTB.tcl
close_sim
launch_simulation
source ProcessorTB.tcl
close_sim
launch_simulation
source ProcessorTB.tcl
update_compile_order -fileset sources_1
update_compile_order -fileset sources_1
close_sim
launch_simulation
source ProcessorTB.tcl
update_compile_order -fileset sources_1
update_compile_order -fileset sources_1
close_sim
launch_simulation
source ProcessorTB.tcl
close_sim
launch_simulation
source ProcessorTB.tcl
close_sim
launch_simulation
source ProcessorTB.tcl
close_sim
launch_simulation
source ProcessorTB.tcl
close_sim
launch_simulation
source ProcessorTB.tcl
close_sim
launch_simulation
launch_simulation
source ProcessorTB.tcl
close_sim
launch_simulation
source ProcessorTB.tcl
close_sim
launch_simulation
source ProcessorTB.tcl
close_sim
launch_simulation
source ProcessorTB.tcl
close_sim
launch_simulation
source ProcessorTB.tcl
close_sim
launch_simulation
source ProcessorTB.tcl
close_sim
